// Jest Snapshot v1, https://goo.gl/fbAQLP

exports[`GiphSearch renders properly 1`] = `ShallowWrapper {}`;
